#-----------------------------------------------------------
# Vivado v2024.1 (64-bit)
# SW Build 5076996 on Wed May 22 18:37:14 MDT 2024
# IP Build 5075265 on Wed May 22 21:45:21 MDT 2024
# SharedData Build 5076995 on Wed May 22 18:29:18 MDT 2024
# Start of session at: Tue Feb 25 15:49:40 2025
# Process ID: 18588
# Current directory: C:/Users/magrini/Documents/programming/redpitaya/everything_else/red_pitaya_notes/template
# Command line: vivado.exe -gui_launcher_event rodinguilauncherevent23244 C:\Users\magrini\Documents\programming\redpitaya\everything_else\red_pitaya_notes\template\template1.xpr
# Log file: C:/Users/magrini/Documents/programming/redpitaya/everything_else/red_pitaya_notes/template/vivado.log
# Journal file: C:/Users/magrini/Documents/programming/redpitaya/everything_else/red_pitaya_notes/template\vivado.jou
# Running On        :PHY-GXBK
# Platform          :Windows Server 2016 or Windows 10
# Operating System  :22631
# Processor Detail  :12th Gen Intel(R) Core(TM) i7-1260P
# CPU Frequency     :2496 MHz
# CPU Physical cores:12
# CPU Logical cores :16
# Host memory       :16773 MB
# Swap memory       :15032 MB
# Total Virtual     :31805 MB
# Available Virtual :17499 MB
#-----------------------------------------------------------
start_gui
open_project C:/Users/magrini/Documents/programming/redpitaya/everything_else/red_pitaya_notes/template/template1.xpr
update_compile_order -fileset sources_1
