Copyright 1986-2022 Xilinx, Inc. All Rights Reserved. Copyright 2022-2024 Advanced Micro Devices, Inc. All Rights Reserved.
--------------------------------------------------------------------------------------------------------------------------------------------------------------------------------
| Tool Version : Vivado v.2024.1 (win64) Build 5076996 Wed May 22 18:37:14 MDT 2024
| Date         : Tue Mar 18 18:28:24 2025
| Host         : PHY-GXBK running 64-bit major release  (build 9200)
| Command      : report_methodology -file system_wrapper_methodology_drc_routed.rpt -pb system_wrapper_methodology_drc_routed.pb -rpx system_wrapper_methodology_drc_routed.rpx
| Design       : system_wrapper
| Device       : xc7z010clg400-1
| Speed File   : -1
| Design State : Fully Routed
--------------------------------------------------------------------------------------------------------------------------------------------------------------------------------

Report Methodology

Table of Contents
-----------------
1. REPORT SUMMARY
2. REPORT DETAILS

1. REPORT SUMMARY
-----------------
            Netlist: netlist
          Floorplan: design_1
      Design limits: <entire design considered>
             Max violations: <unlimited>
             Violations found: 36
+-----------+----------+-------------------------------+------------+
| Rule      | Severity | Description                   | Violations |
+-----------+----------+-------------------------------+------------+
| TIMING-18 | Warning  | Missing input or output delay | 36         |
+-----------+----------+-------------------------------+------------+

2. REPORT DETAILS
-----------------
TIMING-18#1 Warning
Missing input or output delay  
An input delay is missing on adc_dat_a_i[2] relative to the rising and/or falling clock edge(s) of adc_clk_p_i.
Related violations: <none>

TIMING-18#2 Warning
Missing input or output delay  
An input delay is missing on adc_dat_a_i[3] relative to the rising and/or falling clock edge(s) of adc_clk_p_i.
Related violations: <none>

TIMING-18#3 Warning
Missing input or output delay  
An input delay is missing on adc_dat_a_i[4] relative to the rising and/or falling clock edge(s) of adc_clk_p_i.
Related violations: <none>

TIMING-18#4 Warning
Missing input or output delay  
An input delay is missing on adc_dat_a_i[5] relative to the rising and/or falling clock edge(s) of adc_clk_p_i.
Related violations: <none>

TIMING-18#5 Warning
Missing input or output delay  
An input delay is missing on adc_dat_a_i[6] relative to the rising and/or falling clock edge(s) of adc_clk_p_i.
Related violations: <none>

TIMING-18#6 Warning
Missing input or output delay  
An input delay is missing on adc_dat_a_i[7] relative to the rising and/or falling clock edge(s) of adc_clk_p_i.
Related violations: <none>

TIMING-18#7 Warning
Missing input or output delay  
An input delay is missing on adc_dat_b_i[10] relative to the rising and/or falling clock edge(s) of adc_clk_p_i.
Related violations: <none>

TIMING-18#8 Warning
Missing input or output delay  
An input delay is missing on adc_dat_b_i[11] relative to the rising and/or falling clock edge(s) of adc_clk_p_i.
Related violations: <none>

TIMING-18#9 Warning
Missing input or output delay  
An input delay is missing on adc_dat_b_i[12] relative to the rising and/or falling clock edge(s) of adc_clk_p_i.
Related violations: <none>

TIMING-18#10 Warning
Missing input or output delay  
An input delay is missing on adc_dat_b_i[13] relative to the rising and/or falling clock edge(s) of adc_clk_p_i.
Related violations: <none>

TIMING-18#11 Warning
Missing input or output delay  
An input delay is missing on adc_dat_b_i[14] relative to the rising and/or falling clock edge(s) of adc_clk_p_i.
Related violations: <none>

TIMING-18#12 Warning
Missing input or output delay  
An input delay is missing on adc_dat_b_i[15] relative to the rising and/or falling clock edge(s) of adc_clk_p_i.
Related violations: <none>

TIMING-18#13 Warning
Missing input or output delay  
An input delay is missing on adc_dat_b_i[2] relative to the rising and/or falling clock edge(s) of adc_clk_p_i.
Related violations: <none>

TIMING-18#14 Warning
Missing input or output delay  
An input delay is missing on adc_dat_b_i[3] relative to the rising and/or falling clock edge(s) of adc_clk_p_i.
Related violations: <none>

TIMING-18#15 Warning
Missing input or output delay  
An input delay is missing on adc_dat_b_i[4] relative to the rising and/or falling clock edge(s) of adc_clk_p_i.
Related violations: <none>

TIMING-18#16 Warning
Missing input or output delay  
An input delay is missing on adc_dat_b_i[5] relative to the rising and/or falling clock edge(s) of adc_clk_p_i.
Related violations: <none>

TIMING-18#17 Warning
Missing input or output delay  
An input delay is missing on adc_dat_b_i[6] relative to the rising and/or falling clock edge(s) of adc_clk_p_i.
Related violations: <none>

TIMING-18#18 Warning
Missing input or output delay  
An input delay is missing on adc_dat_b_i[7] relative to the rising and/or falling clock edge(s) of adc_clk_p_i.
Related violations: <none>

TIMING-18#19 Warning
Missing input or output delay  
An input delay is missing on adc_dat_b_i[8] relative to the rising and/or falling clock edge(s) of adc_clk_p_i.
Related violations: <none>

TIMING-18#20 Warning
Missing input or output delay  
An input delay is missing on adc_dat_b_i[9] relative to the rising and/or falling clock edge(s) of adc_clk_p_i.
Related violations: <none>

TIMING-18#21 Warning
Missing input or output delay  
An output delay is missing on dac_dat_o[0] relative to the rising and/or falling clock edge(s) of adc_clk_p_i.
Related violations: <none>

TIMING-18#22 Warning
Missing input or output delay  
An output delay is missing on dac_dat_o[10] relative to the rising and/or falling clock edge(s) of adc_clk_p_i.
Related violations: <none>

TIMING-18#23 Warning
Missing input or output delay  
An output delay is missing on dac_dat_o[11] relative to the rising and/or falling clock edge(s) of adc_clk_p_i.
Related violations: <none>

TIMING-18#24 Warning
Missing input or output delay  
An output delay is missing on dac_dat_o[12] relative to the rising and/or falling clock edge(s) of adc_clk_p_i.
Related violations: <none>

TIMING-18#25 Warning
Missing input or output delay  
An output delay is missing on dac_dat_o[13] relative to the rising and/or falling clock edge(s) of adc_clk_p_i.
Related violations: <none>

TIMING-18#26 Warning
Missing input or output delay  
An output delay is missing on dac_dat_o[1] relative to the rising and/or falling clock edge(s) of adc_clk_p_i.
Related violations: <none>

TIMING-18#27 Warning
Missing input or output delay  
An output delay is missing on dac_dat_o[2] relative to the rising and/or falling clock edge(s) of adc_clk_p_i.
Related violations: <none>

TIMING-18#28 Warning
Missing input or output delay  
An output delay is missing on dac_dat_o[3] relative to the rising and/or falling clock edge(s) of adc_clk_p_i.
Related violations: <none>

TIMING-18#29 Warning
Missing input or output delay  
An output delay is missing on dac_dat_o[4] relative to the rising and/or falling clock edge(s) of adc_clk_p_i.
Related violations: <none>

TIMING-18#30 Warning
Missing input or output delay  
An output delay is missing on dac_dat_o[5] relative to the rising and/or falling clock edge(s) of adc_clk_p_i.
Related violations: <none>

TIMING-18#31 Warning
Missing input or output delay  
An output delay is missing on dac_dat_o[6] relative to the rising and/or falling clock edge(s) of adc_clk_p_i.
Related violations: <none>

TIMING-18#32 Warning
Missing input or output delay  
An output delay is missing on dac_dat_o[7] relative to the rising and/or falling clock edge(s) of adc_clk_p_i.
Related violations: <none>

TIMING-18#33 Warning
Missing input or output delay  
An output delay is missing on dac_dat_o[8] relative to the rising and/or falling clock edge(s) of adc_clk_p_i.
Related violations: <none>

TIMING-18#34 Warning
Missing input or output delay  
An output delay is missing on dac_dat_o[9] relative to the rising and/or falling clock edge(s) of adc_clk_p_i.
Related violations: <none>

TIMING-18#35 Warning
Missing input or output delay  
An output delay is missing on dac_rst_o relative to the rising and/or falling clock edge(s) of adc_clk_p_i.
Related violations: <none>

TIMING-18#36 Warning
Missing input or output delay  
An output delay is missing on dac_sel_o relative to the rising and/or falling clock edge(s) of adc_clk_p_i.
Related violations: <none>


