#-----------------------------------------------------------
# Vivado v2024.1 (64-bit)
# SW Build 5076996 on Wed May 22 18:37:14 MDT 2024
# IP Build 5075265 on Wed May 22 21:45:21 MDT 2024
# SharedData Build 5076995 on Wed May 22 18:29:18 MDT 2024
# Start of session at: Tue Mar 18 15:12:08 2025
# Process ID: 14400
# Current directory: C:/Users/magrini/Documents/programming/redpitaya/filter_v2
# Command line: vivado.exe -gui_launcher_event rodinguilauncherevent9396 C:\Users\magrini\Documents\programming\redpitaya\filter_v2\filter_template.xpr
# Log file: C:/Users/magrini/Documents/programming/redpitaya/filter_v2/vivado.log
# Journal file: C:/Users/magrini/Documents/programming/redpitaya/filter_v2\vivado.jou
# Running On        :PHY-GXBK
# Platform          :Windows Server 2016 or Windows 10
# Operating System  :22631
# Processor Detail  :12th Gen Intel(R) Core(TM) i7-1260P
# CPU Frequency     :2496 MHz
# CPU Physical cores:12
# CPU Logical cores :16
# Host memory       :16773 MB
# Swap memory       :11811 MB
# Total Virtual     :28584 MB
# Available Virtual :16261 MB
#-----------------------------------------------------------
start_gui
open_project C:/Users/magrini/Documents/programming/redpitaya/filter_v2/filter_template.xpr
WARNING: [Board 49-26] cannot add Board Part xilinx.com:ac701:part0:1.4 available at C:/Xilinx/Vivado/2024.1/data/xhub/boards/XilinxBoardStore/boards/Xilinx/ac701/1.4/board.xml as part xc7a200tfbg676-2 specified in board_part file is either invalid or not available
WARNING: [Board 49-26] cannot add Board Part xilinx.com:kc705:part0:1.6 available at C:/Xilinx/Vivado/2024.1/data/xhub/boards/XilinxBoardStore/boards/Xilinx/kc705/1.6/board.xml as part xc7k325tffg900-2 specified in board_part file is either invalid or not available
WARNING: [Board 49-26] cannot add Board Part xilinx.com:kcu105:part0:1.6 available at C:/Xilinx/Vivado/2024.1/data/xhub/boards/XilinxBoardStore/boards/Xilinx/kcu105/1.6/board.xml as part xcku040-ffva1156-2-e specified in board_part file is either invalid or not available
WARNING: [Board 49-26] cannot add Board Part xilinx.com:kcu105:part0:1.7 available at C:/Xilinx/Vivado/2024.1/data/xhub/boards/XilinxBoardStore/boards/Xilinx/kcu105/1.7/board.xml as part xcku040-ffva1156-2-e specified in board_part file is either invalid or not available
WARNING: [Board 49-26] cannot add Board Part xilinx.com:kcu116:part0:1.4 available at C:/Xilinx/Vivado/2024.1/data/xhub/boards/XilinxBoardStore/boards/Xilinx/kcu116/1.4/board.xml as part xcku5p-ffvb676-2-e specified in board_part file is either invalid or not available
WARNING: [Board 49-26] cannot add Board Part xilinx.com:kcu116:part0:1.5 available at C:/Xilinx/Vivado/2024.1/data/xhub/boards/XilinxBoardStore/boards/Xilinx/kcu116/1.5/board.xml as part xcku5p-ffvb676-2-e specified in board_part file is either invalid or not available
WARNING: [Board 49-26] cannot add Board Part xilinx.com:kcu1500:part0:1.2 available at C:/Xilinx/Vivado/2024.1/data/xhub/boards/XilinxBoardStore/boards/Xilinx/kcu1500/1.2/board.xml as part xcku115-flvb2104-2-e specified in board_part file is either invalid or not available
WARNING: [Board 49-26] cannot add Board Part xilinx.com:sp701:part0:1.0 available at C:/Xilinx/Vivado/2024.1/data/xhub/boards/XilinxBoardStore/boards/Xilinx/sp701/1.0/board.xml as part xc7s100fgga676-2 specified in board_part file is either invalid or not available
WARNING: [Board 49-26] cannot add Board Part xilinx.com:sp701:part0:1.1 available at C:/Xilinx/Vivado/2024.1/data/xhub/boards/XilinxBoardStore/boards/Xilinx/sp701/1.1/board.xml as part xc7s100fgga676-2 specified in board_part file is either invalid or not available
WARNING: [Board 49-26] cannot add Board Part xilinx.com:vc707:part0:1.4 available at C:/Xilinx/Vivado/2024.1/data/xhub/boards/XilinxBoardStore/boards/Xilinx/vc707/1.4/board.xml as part xc7vx485tffg1761-2 specified in board_part file is either invalid or not available
WARNING: [Board 49-26] cannot add Board Part xilinx.com:vc709:part0:1.8 available at C:/Xilinx/Vivado/2024.1/data/xhub/boards/XilinxBoardStore/boards/Xilinx/vc709/1.8/board.xml as part xc7vx690tffg1761-2 specified in board_part file is either invalid or not available
WARNING: [Board 49-26] cannot add Board Part xilinx.com:vck190:part0:2.2 available at C:/Xilinx/Vivado/2024.1/data/xhub/boards/XilinxBoardStore/boards/Xilinx/vck190/production/2.2/board.xml as part xcvc1902-vsva2197-2mp-e-s specified in board_part file is either invalid or not available
WARNING: [Board 49-26] cannot add Board Part xilinx.com:vck190:part0:3.0 available at C:/Xilinx/Vivado/2024.1/data/xhub/boards/XilinxBoardStore/boards/Xilinx/vck190/production/3.0/board.xml as part xcvc1902-vsva2197-2mp-e-s specified in board_part file is either invalid or not available
WARNING: [Board 49-26] cannot add Board Part xilinx.com:vck190:part0:3.1 available at C:/Xilinx/Vivado/2024.1/data/xhub/boards/XilinxBoardStore/boards/Xilinx/vck190/production/3.1/board.xml as part xcvc1902-vsva2197-2mp-e-s specified in board_part file is either invalid or not available
WARNING: [Board 49-26] cannot add Board Part xilinx.com:vck190:part0:3.2 available at C:/Xilinx/Vivado/2024.1/data/xhub/boards/XilinxBoardStore/boards/Xilinx/vck190/production/3.2/board.xml as part xcvc1902-vsva2197-2mp-e-s specified in board_part file is either invalid or not available
WARNING: [Board 49-26] cannot add Board Part xilinx.com:vck190:part0:3.3 available at C:/Xilinx/Vivado/2024.1/data/xhub/boards/XilinxBoardStore/boards/Xilinx/vck190/production/3.3/board.xml as part xcvc1902-vsva2197-2mp-e-s specified in board_part file is either invalid or not available
WARNING: [Board 49-26] cannot add Board Part xilinx.com:vck190_newl:part0:1.0 available at C:/Xilinx/Vivado/2024.1/data/xhub/boards/XilinxBoardStore/boards/Xilinx/vck190_newl/production/1.0/board.xml as part xcvc1902-vsva2197-2mp-e-s specified in board_part file is either invalid or not available
WARNING: [Board 49-26] cannot add Board Part xilinx.com:vck190_newl:part0:1.1 available at C:/Xilinx/Vivado/2024.1/data/xhub/boards/XilinxBoardStore/boards/Xilinx/vck190_newl/production/1.1/board.xml as part xcvc1902-vsva2197-2mp-e-s specified in board_part file is either invalid or not available
WARNING: [Board 49-26] cannot add Board Part xilinx.com:vck190_newl:part0:1.2 available at C:/Xilinx/Vivado/2024.1/data/xhub/boards/XilinxBoardStore/boards/Xilinx/vck190_newl/production/1.2/board.xml as part xcvc1902-vsva2197-2mp-e-s specified in board_part file is either invalid or not available
WARNING: [Board 49-26] cannot add Board Part xilinx.com:vcu108:part0:1.6 available at C:/Xilinx/Vivado/2024.1/data/xhub/boards/XilinxBoardStore/boards/Xilinx/vcu108/1.6/board.xml as part xcvu095-ffva2104-2-e specified in board_part file is either invalid or not available
WARNING: [Board 49-26] cannot add Board Part xilinx.com:vcu108:part0:1.7 available at C:/Xilinx/Vivado/2024.1/data/xhub/boards/XilinxBoardStore/boards/Xilinx/vcu108/1.7/board.xml as part xcvu095-ffva2104-2-e specified in board_part file is either invalid or not available
WARNING: [Board 49-26] cannot add Board Part xilinx.com:vcu110:part0:1.4 available at C:/Xilinx/Vivado/2024.1/data/xhub/boards/XilinxBoardStore/boards/Xilinx/vcu110/1.4/board.xml as part xcvu190-flgc2104-2-e specified in board_part file is either invalid or not available
WARNING: [Board 49-26] cannot add Board Part xilinx.com:vcu118:part0:2.0 available at C:/Xilinx/Vivado/2024.1/data/xhub/boards/XilinxBoardStore/boards/Xilinx/vcu118/2.0/board.xml as part xcvu9p-flga2104-2l-e specified in board_part file is either invalid or not available
WARNING: [Board 49-26] cannot add Board Part xilinx.com:vcu118:part0:2.3 available at C:/Xilinx/Vivado/2024.1/data/xhub/boards/XilinxBoardStore/boards/Xilinx/vcu118/2.3/board.xml as part xcvu9p-flga2104-2l-e specified in board_part file is either invalid or not available
WARNING: [Board 49-26] cannot add Board Part xilinx.com:vcu118:part0:2.4 available at C:/Xilinx/Vivado/2024.1/data/xhub/boards/XilinxBoardStore/boards/Xilinx/vcu118/2.4/board.xml as part xcvu9p-flga2104-2l-e specified in board_part file is either invalid or not available
WARNING: [Board 49-26] cannot add Board Part xilinx.com:vcu128:part0:1.0 available at C:/Xilinx/Vivado/2024.1/data/xhub/boards/XilinxBoardStore/boards/Xilinx/vcu128/production/1.0/board.xml as part xcvu37p-fsvh2892-2l-e specified in board_part file is either invalid or not available
WARNING: [Board 49-26] cannot add Board Part xilinx.com:vcu129:part0:1.0 available at C:/Xilinx/Vivado/2024.1/data/xhub/boards/XilinxBoardStore/boards/Xilinx/vcu129/production/1.0/board.xml as part xcvu29p-fsga2577-2l-e specified in board_part file is either invalid or not available
WARNING: [Board 49-26] cannot add Board Part xilinx.com:vcu1525:part0:1.3 available at C:/Xilinx/Vivado/2024.1/data/xhub/boards/XilinxBoardStore/boards/Xilinx/vcu1525/1.3/board.xml as part xcvu9p-fsgd2104-2l-e specified in board_part file is either invalid or not available
WARNING: [Board 49-26] cannot add Board Part xilinx.com:vek280:part0:1.0 available at C:/Xilinx/Vivado/2024.1/data/xhub/boards/XilinxBoardStore/boards/Xilinx/vek280/production/1.0/board.xml as part xcve2802-vsvh1760-2mp-e-s specified in board_part file is either invalid or not available
WARNING: [Board 49-26] cannot add Board Part xilinx.com:vek280:part0:1.1 available at C:/Xilinx/Vivado/2024.1/data/xhub/boards/XilinxBoardStore/boards/Xilinx/vek280/production/1.1/board.xml as part xcve2802-vsvh1760-2mp-e-s specified in board_part file is either invalid or not available
WARNING: [Board 49-26] cannot add Board Part xilinx.com:vek280:part0:1.2 available at C:/Xilinx/Vivado/2024.1/data/xhub/boards/XilinxBoardStore/boards/Xilinx/vek280/production/1.2/board.xml as part xcve2802-vsvh1760-2mp-e-s specified in board_part file is either invalid or not available
WARNING: [Board 49-26] cannot add Board Part xilinx.com:vek280_es:part0:1.0 available at C:/Xilinx/Vivado/2024.1/data/xhub/boards/XilinxBoardStore/boards/Xilinx/vek280/es/rev_a/1.0/board.xml as part xcve2802-vsvh1760-2lp-e-s-es1 specified in board_part file is either invalid or not available
WARNING: [Board 49-26] cannot add Board Part xilinx.com:vek280_es:part0:1.1 available at C:/Xilinx/Vivado/2024.1/data/xhub/boards/XilinxBoardStore/boards/Xilinx/vek280/es/rev_a/1.1/board.xml as part xcve2802-vsvh1760-2lp-e-s-es1 specified in board_part file is either invalid or not available
WARNING: [Board 49-26] cannot add Board Part xilinx.com:vek280_es_revb:part0:1.0 available at C:/Xilinx/Vivado/2024.1/data/xhub/boards/XilinxBoardStore/boards/Xilinx/vek280/es/rev_b/1.0/board.xml as part xcve2802-vsvh1760-2mp-e-s-es1 specified in board_part file is either invalid or not available
WARNING: [Board 49-26] cannot add Board Part xilinx.com:vek280_es_revb:part0:1.1 available at C:/Xilinx/Vivado/2024.1/data/xhub/boards/XilinxBoardStore/boards/Xilinx/vek280/es/rev_b/1.1/board.xml as part xcve2802-vsvh1760-2mp-e-s-es1 specified in board_part file is either invalid or not available
WARNING: [Board 49-26] cannot add Board Part xilinx.com:vermeo_t1_mpsoc:part0:1.0 available at C:/Xilinx/Vivado/2024.1/data/xhub/boards/XilinxBoardStore/boards/Xilinx/vermeo_t1_mpsoc/1.0/board.xml as part xczu19eg-ffvd1760-2l-e specified in board_part file is either invalid or not available
WARNING: [Board 49-26] cannot add Board Part xilinx.com:vermeo_t1_rfsoc:part0:1.0 available at C:/Xilinx/Vivado/2024.1/data/xhub/boards/XilinxBoardStore/boards/Xilinx/vermeo_t1_rfsoc/1.0/board.xml as part xczu21dr-ffvd1156-2l-e specified in board_part file is either invalid or not available
WARNING: [Board 49-26] cannot add Board Part xilinx.com:vhk158:part0:1.0 available at C:/Xilinx/Vivado/2024.1/data/xhub/boards/XilinxBoardStore/boards/Xilinx/vhk158/production/1.0/board.xml as part xcvh1582-vsva3697-2mp-e-s specified in board_part file is either invalid or not available
WARNING: [Board 49-26] cannot add Board Part xilinx.com:vhk158:part0:1.1 available at C:/Xilinx/Vivado/2024.1/data/xhub/boards/XilinxBoardStore/boards/Xilinx/vhk158/production/1.1/board.xml as part xcvh1582-vsva3697-2mp-e-s specified in board_part file is either invalid or not available
WARNING: [Board 49-26] cannot add Board Part xilinx.com:vhk158_es:part0:1.0 available at C:/Xilinx/Vivado/2024.1/data/xhub/boards/XilinxBoardStore/boards/Xilinx/vhk158/es/1.0/board.xml as part xcvh1582-vsva3697-2mp-e-s-es1 specified in board_part file is either invalid or not available
WARNING: [Board 49-26] cannot add Board Part xilinx.com:vhk158_es:part0:1.1 available at C:/Xilinx/Vivado/2024.1/data/xhub/boards/XilinxBoardStore/boards/Xilinx/vhk158/es/1.1/board.xml as part xcvh1582-vsva3697-2mp-e-s-es1 specified in board_part file is either invalid or not available
WARNING: [Board 49-26] cannot add Board Part xilinx.com:vmk180:part0:2.2 available at C:/Xilinx/Vivado/2024.1/data/xhub/boards/XilinxBoardStore/boards/Xilinx/vmk180/production/2.2/board.xml as part xcvm1802-vsva2197-2mp-e-s specified in board_part file is either invalid or not available
WARNING: [Board 49-26] cannot add Board Part xilinx.com:vmk180:part0:3.0 available at C:/Xilinx/Vivado/2024.1/data/xhub/boards/XilinxBoardStore/boards/Xilinx/vmk180/production/3.0/board.xml as part xcvm1802-vsva2197-2mp-e-s specified in board_part file is either invalid or not available
WARNING: [Board 49-26] cannot add Board Part xilinx.com:vmk180:part0:3.1 available at C:/Xilinx/Vivado/2024.1/data/xhub/boards/XilinxBoardStore/boards/Xilinx/vmk180/production/3.1/board.xml as part xcvm1802-vsva2197-2mp-e-s specified in board_part file is either invalid or not available
WARNING: [Board 49-26] cannot add Board Part xilinx.com:vmk180:part0:3.2 available at C:/Xilinx/Vivado/2024.1/data/xhub/boards/XilinxBoardStore/boards/Xilinx/vmk180/production/3.2/board.xml as part xcvm1802-vsva2197-2mp-e-s specified in board_part file is either invalid or not available
WARNING: [Board 49-26] cannot add Board Part xilinx.com:vmk180_newl:part0:1.0 available at C:/Xilinx/Vivado/2024.1/data/xhub/boards/XilinxBoardStore/boards/Xilinx/vmk180_newl/production/1.0/board.xml as part xcvm1802-vsva2197-2mp-e-s specified in board_part file is either invalid or not available
WARNING: [Board 49-26] cannot add Board Part xilinx.com:vmk180_newl:part0:1.1 available at C:/Xilinx/Vivado/2024.1/data/xhub/boards/XilinxBoardStore/boards/Xilinx/vmk180_newl/production/1.1/board.xml as part xcvm1802-vsva2197-2mp-e-s specified in board_part file is either invalid or not available
WARNING: [Board 49-26] cannot add Board Part xilinx.com:vpk120:part0:1.0 available at C:/Xilinx/Vivado/2024.1/data/xhub/boards/XilinxBoardStore/boards/Xilinx/vpk120/production/1.0/board.xml as part xcvp1202-vsva2785-2mp-e-s specified in board_part file is either invalid or not available
WARNING: [Board 49-26] cannot add Board Part xilinx.com:vpk120:part0:1.1 available at C:/Xilinx/Vivado/2024.1/data/xhub/boards/XilinxBoardStore/boards/Xilinx/vpk120/production/1.1/board.xml as part xcvp1202-vsva2785-2mp-e-s specified in board_part file is either invalid or not available
WARNING: [Board 49-26] cannot add Board Part xilinx.com:vpk120:part0:1.2 available at C:/Xilinx/Vivado/2024.1/data/xhub/boards/XilinxBoardStore/boards/Xilinx/vpk120/production/1.2/board.xml as part xcvp1202-vsva2785-2mp-e-s specified in board_part file is either invalid or not available
WARNING: [Board 49-26] cannot add Board Part xilinx.com:vpk180:part0:1.0 available at C:/Xilinx/Vivado/2024.1/data/xhub/boards/XilinxBoardStore/boards/Xilinx/vpk180/production/1.0/board.xml as part xcvp1802-lsvc4072-2mp-e-s specified in board_part file is either invalid or not available
WARNING: [Board 49-26] cannot add Board Part xilinx.com:vpk180:part0:1.1 available at C:/Xilinx/Vivado/2024.1/data/xhub/boards/XilinxBoardStore/boards/Xilinx/vpk180/production/1.1/board.xml as part xcvp1802-lsvc4072-2mp-e-s specified in board_part file is either invalid or not available
WARNING: [Board 49-26] cannot add Board Part xilinx.com:vpk180:part0:1.2 available at C:/Xilinx/Vivado/2024.1/data/xhub/boards/XilinxBoardStore/boards/Xilinx/vpk180/production/1.2/board.xml as part xcvp1802-lsvc4072-2mp-e-s specified in board_part file is either invalid or not available
WARNING: [Board 49-26] cannot add Board Part xilinx.com:zc706:part0:1.4 available at C:/Xilinx/Vivado/2024.1/data/xhub/boards/XilinxBoardStore/boards/Xilinx/zc706/1.4/board.xml as part xc7z045ffg900-2 specified in board_part file is either invalid or not available
WARNING: [Board 49-26] cannot add Board Part xilinx.com:zcu102:part0:3.3 available at C:/Xilinx/Vivado/2024.1/data/xhub/boards/XilinxBoardStore/boards/Xilinx/zcu102/3.3/board.xml as part xczu9eg-ffvb1156-2-e specified in board_part file is either invalid or not available
WARNING: [Board 49-26] cannot add Board Part xilinx.com:zcu102:part0:3.4 available at C:/Xilinx/Vivado/2024.1/data/xhub/boards/XilinxBoardStore/boards/Xilinx/zcu102/3.4/board.xml as part xczu9eg-ffvb1156-2-e specified in board_part file is either invalid or not available
WARNING: [Board 49-26] cannot add Board Part xilinx.com:zcu104:part0:1.1 available at C:/Xilinx/Vivado/2024.1/data/xhub/boards/XilinxBoardStore/boards/Xilinx/zcu104/1.1/board.xml as part xczu7ev-ffvc1156-2-e specified in board_part file is either invalid or not available
WARNING: [Board 49-26] cannot add Board Part xilinx.com:zcu106:part0:2.4 available at C:/Xilinx/Vivado/2024.1/data/xhub/boards/XilinxBoardStore/boards/Xilinx/zcu106/2.4/board.xml as part xczu7ev-ffvc1156-2-e specified in board_part file is either invalid or not available
WARNING: [Board 49-26] cannot add Board Part xilinx.com:zcu106:part0:2.5 available at C:/Xilinx/Vivado/2024.1/data/xhub/boards/XilinxBoardStore/boards/Xilinx/zcu106/2.5/board.xml as part xczu7ev-ffvc1156-2-e specified in board_part file is either invalid or not available
WARNING: [Board 49-26] cannot add Board Part xilinx.com:zcu106:part0:2.6 available at C:/Xilinx/Vivado/2024.1/data/xhub/boards/XilinxBoardStore/boards/Xilinx/zcu106/2.6/board.xml as part xczu7ev-ffvc1156-2-e specified in board_part file is either invalid or not available
WARNING: [Board 49-26] cannot add Board Part xilinx.com:zcu111:part0:1.2 available at C:/Xilinx/Vivado/2024.1/data/xhub/boards/XilinxBoardStore/boards/Xilinx/zcu111/1.2/board.xml as part xczu28dr-ffvg1517-2-e specified in board_part file is either invalid or not available
WARNING: [Board 49-26] cannot add Board Part xilinx.com:zcu111:part0:1.3 available at C:/Xilinx/Vivado/2024.1/data/xhub/boards/XilinxBoardStore/boards/Xilinx/zcu111/1.3/board.xml as part xczu28dr-ffvg1517-2-e specified in board_part file is either invalid or not available
WARNING: [Board 49-26] cannot add Board Part xilinx.com:zcu111:part0:1.4 available at C:/Xilinx/Vivado/2024.1/data/xhub/boards/XilinxBoardStore/boards/Xilinx/zcu111/1.4/board.xml as part xczu28dr-ffvg1517-2-e specified in board_part file is either invalid or not available
WARNING: [Board 49-26] cannot add Board Part xilinx.com:zcu1275:part0:1.0 available at C:/Xilinx/Vivado/2024.1/data/xhub/boards/XilinxBoardStore/boards/Xilinx/zcu1275/1.0/board.xml as part xczu29dr-ffvf1760-2-e specified in board_part file is either invalid or not available
WARNING: [Board 49-26] cannot add Board Part xilinx.com:zcu1285:part0:1.0 available at C:/Xilinx/Vivado/2024.1/data/xhub/boards/XilinxBoardStore/boards/Xilinx/zcu1285/1.0/board.xml as part xczu39dr-ffvf1760-2-i specified in board_part file is either invalid or not available
WARNING: [Board 49-26] cannot add Board Part xilinx.com:zcu208:part0:2.0 available at C:/Xilinx/Vivado/2024.1/data/xhub/boards/XilinxBoardStore/boards/Xilinx/zcu208/production/2.0/board.xml as part xczu48dr-fsvg1517-2-e specified in board_part file is either invalid or not available
WARNING: [Board 49-26] cannot add Board Part xilinx.com:zcu208ld:part0:2.0 available at C:/Xilinx/Vivado/2024.1/data/xhub/boards/XilinxBoardStore/boards/Xilinx/zcu208ld/production/2.0/board.xml as part xczu58dr-fsvg1517-2-i specified in board_part file is either invalid or not available
WARNING: [Board 49-26] cannot add Board Part xilinx.com:zcu216:part0:2.0 available at C:/Xilinx/Vivado/2024.1/data/xhub/boards/XilinxBoardStore/boards/Xilinx/zcu216/production/2.0/board.xml as part xczu49dr-ffvf1760-2-e specified in board_part file is either invalid or not available
WARNING: [Board 49-26] cannot add Board Part xilinx.com:zcu216ld:part0:2.0 available at C:/Xilinx/Vivado/2024.1/data/xhub/boards/XilinxBoardStore/boards/Xilinx/zcu216ld/production/2.0/board.xml as part xczu59dr-ffvf1760-2-i specified in board_part file is either invalid or not available
WARNING: [Board 49-26] cannot add Board Part xilinx.com:zcu670:part0:2.0 available at C:/Xilinx/Vivado/2024.1/data/xhub/boards/XilinxBoardStore/boards/Xilinx/zcu670/2.0/board.xml as part xczu67dr-fsve1156-2-i specified in board_part file is either invalid or not available
WARNING: [Board 49-26] cannot add Board Part xilinx.com:zcu670ld:part0:1.0 available at C:/Xilinx/Vivado/2024.1/data/xhub/boards/XilinxBoardStore/boards/Xilinx/zcu670ld/1.0/board.xml as part xczu57dr-fsve1156-2-i specified in board_part file is either invalid or not available
INFO: [Project 1-313] Project file moved from 'C:/Users/magrini/Documents/programming/redpitaya/filter_v1' since last save.
WARNING: [filemgmt 56-3] IP Repository Path: Could not find the directory 'C:/Users/magrini/Documents/programming/redpitaya/template/cores'.
Scanning sources...
Finished scanning sources
INFO: [IP_Flow 19-234] Refreshing IP repositories
WARNING: [IP_Flow 19-2248] Failed to load user IP repository 'c:/Users/magrini/Documents/programming/redpitaya/template/cores'; Can't find the specified path.
If this directory should no longer be in your list of user repositories, go to the IP Settings dialog and remove it.
INFO: [IP_Flow 19-2313] Loaded Vivado IP repository 'C:/Xilinx/Vivado/2024.1/data/ip'.
open_project: Time (s): cpu = 00:00:09 ; elapsed = 00:00:18 . Memory (MB): peak = 1627.426 ; gain = 148.652
update_compile_order -fileset sources_1
open_bd_design {C:/Users/magrini/Documents/programming/redpitaya/filter_v2/filter_template.srcs/sources_1/bd/system/system.bd}
Reading block design file <C:/Users/magrini/Documents/programming/redpitaya/filter_v2/filter_template.srcs/sources_1/bd/system/system.bd>...
Adding component instance block -- xilinx.com:ip:clk_wiz:6.0 - pll_0
Adding component instance block -- xilinx.com:ip:processing_system7:5.5 - ps_0
Adding component instance block -- xilinx.com:ip:proc_sys_reset:5.0 - rst_0
Adding component instance block -- xilinx.com:ip:axi_interconnect:2.1 - axi_interconnect_0
Adding component instance block -- xilinx.com:ip:axi_crossbar:2.1 - xbar
Adding component instance block -- xilinx.com:ip:axi_protocol_converter:2.1 - auto_pc
Adding component instance block -- xilinx.com:ip:axi_protocol_converter:2.1 - auto_pc
Adding component instance block -- xilinx.com:ip:axi_protocol_converter:2.1 - auto_pc
Adding component instance block -- xilinx.com:ip:axi_protocol_converter:2.1 - auto_pc
Adding component instance block -- xilinx.com:ip:axi_protocol_converter:2.1 - auto_pc
Adding component instance block -- xilinx.com:ip:xlconstant:1.1 - const_0
Adding component instance block -- xilinx.com:ip:axi_gpio:2.0 - axi_gpio_1
Adding component instance block -- xilinx.com:ip:axi_gpio:2.0 - axi_gpio_2
Adding component instance block -- xilinx.com:ip:axi_gpio:2.0 - axi_gpio_3
Adding component instance block -- xilinx.com:module_ref:iir_filter_2nd_order:1.0 - iir_filter_2nd_order_0
Adding component instance block -- pavel-demin:user:axis_red_pitaya_dac:1.0 - dac_0
Adding component instance block -- xilinx.com:ip:xlconcat:2.1 - xlconcat_0
Adding component instance block -- pavel-demin:user:axis_red_pitaya_adc:1.0 - adc_0
Adding component instance block -- xilinx.com:ip:xlslice:1.0 - xlslice_0
Adding component instance block -- xilinx.com:ip:xlslice:1.0 - xlslice_1
Adding component instance block -- xilinx.com:ip:axi_gpio:2.0 - axi_gpio_0
Successfully read diagram <system> from block design file <C:/Users/magrini/Documents/programming/redpitaya/filter_v2/filter_template.srcs/sources_1/bd/system/system.bd>
CRITICAL WARNING: [HDL 9-1206] Syntax error near 'parameter' [C:/Users/magrini/Documents/programming/redpitaya/filter_v2/filter_template.srcs/sources_1/imports/verilog/iir_filter_2nd_order.v:25]
CRITICAL WARNING: [HDL 9-1206] Syntax error near 'parameter' [C:/Users/magrini/Documents/programming/redpitaya/filter_v2/filter_template.srcs/sources_1/imports/verilog/iir_filter_2nd_order.v:25]
update_compile_order -fileset sources_1
CRITICAL WARNING: [HDL 9-1206] Syntax error near 'v' [C:/Users/magrini/Documents/programming/redpitaya/filter_v2/filter_template.srcs/sources_1/imports/verilog/iir_filter_2nd_order.v:118]
CRITICAL WARNING: [HDL 9-1206] Syntax error near 'v' [C:/Users/magrini/Documents/programming/redpitaya/filter_v2/filter_template.srcs/sources_1/imports/verilog/iir_filter_2nd_order.v:118]
update_compile_order -fileset sources_1
CRITICAL WARNING: [HDL 9-1206] Syntax error near 'v' [C:/Users/magrini/Documents/programming/redpitaya/filter_v2/filter_template.srcs/sources_1/imports/verilog/iir_filter_2nd_order.v:118]
CRITICAL WARNING: [HDL 9-1206] Syntax error near 'v' [C:/Users/magrini/Documents/programming/redpitaya/filter_v2/filter_template.srcs/sources_1/imports/verilog/iir_filter_2nd_order.v:118]
update_module_reference system_iir_filter_2nd_order_0_0
INFO: [IP_Flow 19-5107] Inferred bus interface 'clk' of definition 'xilinx.com:signal:clock:1.0' (from Xilinx Repository).
WARNING: [IP_Flow 19-5661] Bus Interface 'clk' does not have any bus interfaces associated with it.
WARNING: [IP_Flow 19-11770] Clock interface 'clk' has no FREQ_HZ parameter.
INFO: [IP_Flow 19-5107] Inferred bus interface 'clk' of definition 'xilinx.com:signal:clock:1.0' (from Xilinx Repository).
WARNING: [IP_Flow 19-5661] Bus Interface 'clk' does not have any bus interfaces associated with it.
WARNING: [IP_Flow 19-11770] Clock interface 'clk' has no FREQ_HZ parameter.
Upgrading 'C:/Users/magrini/Documents/programming/redpitaya/filter_v2/filter_template.srcs/sources_1/bd/system/system.bd'
INFO: [IP_Flow 19-3420] Updated system_iir_filter_2nd_order_0_0 to use current project options
WARNING: [IP_Flow 19-4700] Upgrade has removed port 'a1'
WARNING: [IP_Flow 19-4700] Upgrade has removed port 'a2'
WARNING: [IP_Flow 19-4700] Upgrade has removed port 'b0'
WARNING: [IP_Flow 19-4700] Upgrade has removed port 'b1'
WARNING: [IP_Flow 19-4700] Upgrade has removed port 'b2'
WARNING: [IP_Flow 19-4698] Upgrade has added port 'alpha'
WARNING: [IP_Flow 19-4698] Upgrade has added port 'beta'
WARNING: [IP_Flow 19-4698] Upgrade has added port 'c'
WARNING: [IP_Flow 19-4698] Upgrade has added port 'gainP'
WARNING: [IP_Flow 19-4698] Upgrade has added port 'gainQ'
WARNING: [IP_Flow 19-3298] Detected external port differences while upgrading 'system_iir_filter_2nd_order_0_0'. These changes may impact your design.
CRITICAL WARNING: [BD 41-1167] The pin 'b0' is not found on the upgraded version of the cell '/iir2nd/iir_filter_2nd_order_0'. Its connection to the net 'axi_gpio_0_gpio_io_o' has been removed.
CRITICAL WARNING: [BD 41-1167] The pin 'b1' is not found on the upgraded version of the cell '/iir2nd/iir_filter_2nd_order_0'. Its connection to the net 'axi_gpio_0_gpio2_io_o' has been removed.
CRITICAL WARNING: [BD 41-1167] The pin 'b2' is not found on the upgraded version of the cell '/iir2nd/iir_filter_2nd_order_0'. Its connection to the net 'axi_gpio_1_gpio_io_o' has been removed.
CRITICAL WARNING: [BD 41-1167] The pin 'a1' is not found on the upgraded version of the cell '/iir2nd/iir_filter_2nd_order_0'. Its connection to the net 'axi_gpio_1_gpio2_io_o' has been removed.
CRITICAL WARNING: [BD 41-1167] The pin 'a2' is not found on the upgraded version of the cell '/iir2nd/iir_filter_2nd_order_0'. Its connection to the net 'axi_gpio_2_gpio_io_o' has been removed.
CRITICAL WARNING: [Coretcl 2-1280] The upgrade of 'system_iir_filter_2nd_order_0_0' has identified issues that may require user intervention. Please verify that the instance is correctly configured, and review any upgrade messages.
Wrote  : <C:\Users\magrini\Documents\programming\redpitaya\filter_v2\filter_template.srcs\sources_1\bd\system\system.bd> 
Wrote  : <C:/Users/magrini/Documents/programming/redpitaya/filter_v2/filter_template.srcs/sources_1/bd/system/ui/bd_c954508f.ui> 
Wrote  : <C:/Users/magrini/Documents/programming/redpitaya/filter_v2/filter_template.srcs/sources_1/bd/system/ui/bd_5d147c05.ui> 
connect_bd_net [get_bd_pins iir2nd/iir_filter_2nd_order_0/alpha] [get_bd_pins iir2nd/axi_gpio_1/gpio_io_o]
connect_bd_net [get_bd_pins iir2nd/iir_filter_2nd_order_0/beta] [get_bd_pins iir2nd/axi_gpio_1/gpio2_io_o]
connect_bd_net [get_bd_pins iir2nd/iir_filter_2nd_order_0/c] [get_bd_pins iir2nd/axi_gpio_2/gpio_io_o]
delete_bd_objs [get_bd_nets iir2nd/axi_gpio_2_gpio2_io_o]
connect_bd_net [get_bd_pins iir2nd/iir_filter_2nd_order_0/gpio_in] [get_bd_pins iir2nd/axi_gpio_2/gpio2_io_o]
connect_bd_net [get_bd_pins iir2nd/iir_filter_2nd_order_0/gainP] [get_bd_pins iir2nd/axi_gpio_3/gpio_io_o]
connect_bd_net [get_bd_pins iir2nd/iir_filter_2nd_order_0/gainQ] [get_bd_pins iir2nd/axi_gpio_3/gpio2_io_o]
WARNING: [BD 41-1306] The connection to interface pin </iir2nd/axi_gpio_3/gpio2_io_o> is being overridden by the user with net <axi_gpio_3_gpio2_io_o>. This pin will not be connected as a part of interface connection <GPIO2>.
connect_bd_net [get_bd_pins iir2nd/axi_gpio_3/gpio2_io_i] [get_bd_pins iir2nd/axi_gpio_3/gpio2_io_o]
WARNING: [BD 41-1306] The connection to interface pin </iir2nd/axi_gpio_3/gpio2_io_i> is being overridden by the user with net </iir2nd/axi_gpio_3_gpio2_io_o>. This pin will not be connected as a part of interface connection <GPIO2>.
regenerate_bd_layout -hierarchy [get_bd_cells iir2nd]
delete_bd_objs [get_bd_nets iir2nd/axi_gpio_2_gpio_io_o]
delete_bd_objs [get_bd_nets iir2nd/axi_gpio_1_gpio2_io_o]
connect_bd_net [get_bd_pins iir2nd/axi_gpio_2/gpio2_io_i] [get_bd_pins iir2nd/axi_gpio_2/gpio2_io_o]
WARNING: [BD 41-1306] The connection to interface pin </iir2nd/axi_gpio_2/gpio2_io_i> is being overridden by the user with net <axi_gpio_2_gpio2_io_o>. This pin will not be connected as a part of interface connection <GPIO2>.
WARNING: [BD 41-1306] The connection to interface pin </iir2nd/axi_gpio_2/gpio2_io_o> is being overridden by the user with net <axi_gpio_2_gpio2_io_o>. This pin will not be connected as a part of interface connection <GPIO2>.
connect_bd_net [get_bd_pins iir2nd/iir_filter_2nd_order_0/gainP] [get_bd_pins iir2nd/axi_gpio_2/gpio2_io_o]
delete_bd_objs [get_bd_nets iir2nd/axi_gpio_3_gpio2_io_o]
connect_bd_net [get_bd_pins iir2nd/axi_gpio_3/gpio_io_i] [get_bd_pins iir2nd/iir_filter_2nd_order_0/gainQ]
WARNING: [BD 41-1306] The connection to interface pin </iir2nd/axi_gpio_3/gpio_io_i> is being overridden by the user with net <Net>. This pin will not be connected as a part of interface connection <GPIO>.
connect_bd_net [get_bd_pins iir2nd/axi_gpio_3/gpio_io_o] [get_bd_pins iir2nd/axi_gpio_3/gpio_io_i]
WARNING: [BD 41-1306] The connection to interface pin </iir2nd/axi_gpio_3/gpio_io_o> is being overridden by the user with net </iir2nd/Net>. This pin will not be connected as a part of interface connection <GPIO>.
connect_bd_net [get_bd_pins iir2nd/iir_filter_2nd_order_0/gpio_in] [get_bd_pins iir2nd/axi_gpio_3/gpio2_io_i]
WARNING: [BD 41-1306] The connection to interface pin </iir2nd/axi_gpio_3/gpio2_io_i> is being overridden by the user with net <Net1>. This pin will not be connected as a part of interface connection <GPIO2>.
connect_bd_net [get_bd_pins iir2nd/iir_filter_2nd_order_0/gpio_in] [get_bd_pins iir2nd/axi_gpio_3/gpio2_io_o]
WARNING: [BD 41-1306] The connection to interface pin </iir2nd/axi_gpio_3/gpio2_io_o> is being overridden by the user with net </iir2nd/Net1>. This pin will not be connected as a part of interface connection <GPIO2>.
set_property offset 0x41200000 [get_bd_addr_segs {soc/ps_0/Data/SEG_axi_gpio_0_Reg}]
save_bd_design
Wrote  : <C:\Users\magrini\Documents\programming\redpitaya\filter_v2\filter_template.srcs\sources_1\bd\system\system.bd> 
Wrote  : <C:/Users/magrini/Documents/programming/redpitaya/filter_v2/filter_template.srcs/sources_1/bd/system/ui/bd_c954508f.ui> 
Wrote  : <C:/Users/magrini/Documents/programming/redpitaya/filter_v2/filter_template.srcs/sources_1/bd/system/ui/bd_5d147c05.ui> 
reset_run synth_1
launch_runs impl_1 -to_step write_bitstream -jobs 14
WARNING: [BD 41-2670] Found an incomplete address path from address space '/soc/ps_0/Data' to master interface '/soc/axi_interconnect_0/M07_AXI'. Please either complete or remove this path to resolve.
WARNING: [BD 41-2670] Found an incomplete address path from address space '/soc/ps_0/Data' to master interface '/soc/axi_interconnect_0/M04_AXI'. Please either complete or remove this path to resolve.
WARNING: [BD 41-2670] Found an incomplete address path from address space '/soc/ps_0/Data' to master interface '/soc/axi_interconnect_0/M06_AXI'. Please either complete or remove this path to resolve.
WARNING: [BD 41-2670] Found an incomplete address path from address space '/soc/ps_0/Data' to master interface '/soc/axi_interconnect_0/M05_AXI'. Please either complete or remove this path to resolve.
WARNING: [BD 5-699] No address segments matched 'get_bd_addr_segs -addressables -of_objects /soc/axi_interconnect_0/xbar/M04_AXI'
WARNING: [BD 5-699] No address segments matched 'get_bd_addr_segs -addressables -of_objects /soc/axi_interconnect_0/xbar/M05_AXI'
WARNING: [BD 5-699] No address segments matched 'get_bd_addr_segs -addressables -of_objects /soc/axi_interconnect_0/xbar/M06_AXI'
WARNING: [BD 5-699] No address segments matched 'get_bd_addr_segs -addressables -of_objects /soc/axi_interconnect_0/xbar/M07_AXI'
WARNING: [#UNDEF] When using EMIO pins for SPI_0 tie SSIN High in the PL bitstream
INFO: [xilinx.com:ip:clk_wiz:6.0-1] /pll_0 clk_wiz propagate
Wrote  : <C:\Users\magrini\Documents\programming\redpitaya\filter_v2\filter_template.srcs\sources_1\bd\system\system.bd> 
Wrote  : <C:/Users/magrini/Documents/programming/redpitaya/filter_v2/filter_template.srcs/sources_1/bd/system/ui/bd_c954508f.ui> 
Wrote  : <C:/Users/magrini/Documents/programming/redpitaya/filter_v2/filter_template.srcs/sources_1/bd/system/ui/bd_5d147c05.ui> 
CRITICAL WARNING: [BD 41-2383] Width mismatch when connecting input pin '/iir2nd/iir_filter_2nd_order_0/gainP'(20) to pin '/iir2nd/axi_gpio_2/gpio2_io_o'(32) - Only lower order bits will be connected, and other input bits of this pin will be left unconnected.
CRITICAL WARNING: [BD 41-2383] Width mismatch when connecting input pin '/iir2nd/iir_filter_2nd_order_0/gainQ'(20) to pin '/iir2nd/axi_gpio_3/gpio_io_o'(32) - Only lower order bits will be connected, and other input bits of this pin will be left unconnected.
Verilog Output written to : c:/Users/magrini/Documents/programming/redpitaya/filter_v2/filter_template.gen/sources_1/bd/system/synth/system.v
CRITICAL WARNING: [BD 41-2383] Width mismatch when connecting input pin '/iir2nd/iir_filter_2nd_order_0/gainP'(20) to pin '/iir2nd/axi_gpio_2/gpio2_io_o'(32) - Only lower order bits will be connected, and other input bits of this pin will be left unconnected.
CRITICAL WARNING: [BD 41-2383] Width mismatch when connecting input pin '/iir2nd/iir_filter_2nd_order_0/gainQ'(20) to pin '/iir2nd/axi_gpio_3/gpio_io_o'(32) - Only lower order bits will be connected, and other input bits of this pin will be left unconnected.
Verilog Output written to : c:/Users/magrini/Documents/programming/redpitaya/filter_v2/filter_template.gen/sources_1/bd/system/sim/system.v
Verilog Output written to : c:/Users/magrini/Documents/programming/redpitaya/filter_v2/filter_template.gen/sources_1/bd/system/hdl/system_wrapper.v
Wrote  : <C:/Users/magrini/Documents/programming/redpitaya/filter_v2/filter_template.srcs/sources_1/bd/system/ui/bd_c954508f.ui> 
Wrote  : <C:/Users/magrini/Documents/programming/redpitaya/filter_v2/filter_template.srcs/sources_1/bd/system/ui/bd_5d147c05.ui> 
INFO: [BD 41-1029] Generation completed for the IP Integrator block iir2nd/iir_filter_2nd_order_0 .
INFO: [BD 41-1029] Generation completed for the IP Integrator block soc/axi_interconnect_0/s00_couplers/auto_pc .
INFO: [BD 41-1029] Generation completed for the IP Integrator block soc/axi_interconnect_0/m00_couplers/auto_pc .
INFO: [BD 41-1029] Generation completed for the IP Integrator block soc/axi_interconnect_0/m01_couplers/auto_pc .
INFO: [BD 41-1029] Generation completed for the IP Integrator block soc/axi_interconnect_0/m02_couplers/auto_pc .
INFO: [BD 41-1029] Generation completed for the IP Integrator block soc/axi_interconnect_0/m03_couplers/auto_pc .
Exporting to file c:/Users/magrini/Documents/programming/redpitaya/filter_v2/filter_template.gen/sources_1/bd/system/hw_handoff/system.hwh
Generated Hardware Definition File c:/Users/magrini/Documents/programming/redpitaya/filter_v2/filter_template.gen/sources_1/bd/system/synth/system.hwdef
[Tue Mar 18 15:45:31 2025] Launched synth_1...
Run output will be captured here: C:/Users/magrini/Documents/programming/redpitaya/filter_v2/filter_template.runs/synth_1/runme.log
[Tue Mar 18 15:45:31 2025] Launched impl_1...
Run output will be captured here: C:/Users/magrini/Documents/programming/redpitaya/filter_v2/filter_template.runs/impl_1/runme.log
launch_runs: Time (s): cpu = 00:00:10 ; elapsed = 00:00:29 . Memory (MB): peak = 2005.316 ; gain = 297.824
update_module_reference system_iir_filter_2nd_order_0_0
INFO: [IP_Flow 19-5107] Inferred bus interface 'clk' of definition 'xilinx.com:signal:clock:1.0' (from Xilinx Repository).
WARNING: [IP_Flow 19-5661] Bus Interface 'clk' does not have any bus interfaces associated with it.
WARNING: [IP_Flow 19-11770] Clock interface 'clk' has no FREQ_HZ parameter.
INFO: [IP_Flow 19-5107] Inferred bus interface 'clk' of definition 'xilinx.com:signal:clock:1.0' (from Xilinx Repository).
WARNING: [IP_Flow 19-5661] Bus Interface 'clk' does not have any bus interfaces associated with it.
WARNING: [IP_Flow 19-11770] Clock interface 'clk' has no FREQ_HZ parameter.
Upgrading 'C:/Users/magrini/Documents/programming/redpitaya/filter_v2/filter_template.srcs/sources_1/bd/system/system.bd'
INFO: [IP_Flow 19-3420] Updated system_iir_filter_2nd_order_0_0 to use current project options
Wrote  : <C:\Users\magrini\Documents\programming\redpitaya\filter_v2\filter_template.srcs\sources_1\bd\system\system.bd> 
Wrote  : <C:/Users/magrini/Documents/programming/redpitaya/filter_v2/filter_template.srcs/sources_1/bd/system/ui/bd_c954508f.ui> 
Wrote  : <C:/Users/magrini/Documents/programming/redpitaya/filter_v2/filter_template.srcs/sources_1/bd/system/ui/bd_5d147c05.ui> 
startgroup
set_property -dict [list \
  CONFIG.COEFF_WIDTH {20} \
  CONFIG.DATA_WIDTH {16} \
] [get_bd_cells iir2nd/iir_filter_2nd_order_0]
endgroup
update_module_reference system_iir_filter_2nd_order_0_0
INFO: [IP_Flow 19-5107] Inferred bus interface 'clk' of definition 'xilinx.com:signal:clock:1.0' (from Xilinx Repository).
WARNING: [IP_Flow 19-5661] Bus Interface 'clk' does not have any bus interfaces associated with it.
WARNING: [IP_Flow 19-11770] Clock interface 'clk' has no FREQ_HZ parameter.
INFO: [IP_Flow 19-5107] Inferred bus interface 'clk' of definition 'xilinx.com:signal:clock:1.0' (from Xilinx Repository).
WARNING: [IP_Flow 19-5661] Bus Interface 'clk' does not have any bus interfaces associated with it.
WARNING: [IP_Flow 19-11770] Clock interface 'clk' has no FREQ_HZ parameter.
Upgrading 'C:/Users/magrini/Documents/programming/redpitaya/filter_v2/filter_template.srcs/sources_1/bd/system/system.bd'
INFO: [IP_Flow 19-3420] Updated system_iir_filter_2nd_order_0_0 to use current project options
Wrote  : <C:\Users\magrini\Documents\programming\redpitaya\filter_v2\filter_template.srcs\sources_1\bd\system\system.bd> 
Wrote  : <C:/Users/magrini/Documents/programming/redpitaya/filter_v2/filter_template.srcs/sources_1/bd/system/ui/bd_c954508f.ui> 
Wrote  : <C:/Users/magrini/Documents/programming/redpitaya/filter_v2/filter_template.srcs/sources_1/bd/system/ui/bd_5d147c05.ui> 
startgroup
set_property -dict [list \
  CONFIG.COEFF_WIDTH {20} \
  CONFIG.DATA_WIDTH {18} \
  CONFIG.INTERNAL_STATE_WIDTH {32} \
] [get_bd_cells iir2nd/iir_filter_2nd_order_0]
endgroup
save_bd_design
Wrote  : <C:\Users\magrini\Documents\programming\redpitaya\filter_v2\filter_template.srcs\sources_1\bd\system\system.bd> 
Wrote  : <C:/Users/magrini/Documents/programming/redpitaya/filter_v2/filter_template.srcs/sources_1/bd/system/ui/bd_c954508f.ui> 
Wrote  : <C:/Users/magrini/Documents/programming/redpitaya/filter_v2/filter_template.srcs/sources_1/bd/system/ui/bd_5d147c05.ui> 
reset_run synth_1
launch_runs impl_1 -to_step write_bitstream -jobs 14
WARNING: [BD 41-2670] Found an incomplete address path from address space '/soc/ps_0/Data' to master interface '/soc/axi_interconnect_0/M04_AXI'. Please either complete or remove this path to resolve.
WARNING: [BD 41-2670] Found an incomplete address path from address space '/soc/ps_0/Data' to master interface '/soc/axi_interconnect_0/M05_AXI'. Please either complete or remove this path to resolve.
WARNING: [BD 41-2670] Found an incomplete address path from address space '/soc/ps_0/Data' to master interface '/soc/axi_interconnect_0/M06_AXI'. Please either complete or remove this path to resolve.
WARNING: [BD 41-2670] Found an incomplete address path from address space '/soc/ps_0/Data' to master interface '/soc/axi_interconnect_0/M07_AXI'. Please either complete or remove this path to resolve.
WARNING: [BD 5-699] No address segments matched 'get_bd_addr_segs -addressables -of_objects /soc/axi_interconnect_0/xbar/M04_AXI'
WARNING: [BD 5-699] No address segments matched 'get_bd_addr_segs -addressables -of_objects /soc/axi_interconnect_0/xbar/M05_AXI'
WARNING: [BD 5-699] No address segments matched 'get_bd_addr_segs -addressables -of_objects /soc/axi_interconnect_0/xbar/M06_AXI'
WARNING: [BD 5-699] No address segments matched 'get_bd_addr_segs -addressables -of_objects /soc/axi_interconnect_0/xbar/M07_AXI'
WARNING: [#UNDEF] When using EMIO pins for SPI_0 tie SSIN High in the PL bitstream
INFO: [xilinx.com:ip:clk_wiz:6.0-1] /pll_0 clk_wiz propagate
Wrote  : <C:\Users\magrini\Documents\programming\redpitaya\filter_v2\filter_template.srcs\sources_1\bd\system\system.bd> 
Wrote  : <C:/Users/magrini/Documents/programming/redpitaya/filter_v2/filter_template.srcs/sources_1/bd/system/ui/bd_c954508f.ui> 
Wrote  : <C:/Users/magrini/Documents/programming/redpitaya/filter_v2/filter_template.srcs/sources_1/bd/system/ui/bd_5d147c05.ui> 
CRITICAL WARNING: [BD 41-2383] Width mismatch when connecting input pin '/iir2nd/iir_filter_2nd_order_0/beta'(20) to pin '/iir2nd/axi_gpio_1/gpio2_io_o'(32) - Only lower order bits will be connected, and other input bits of this pin will be left unconnected.
CRITICAL WARNING: [BD 41-2383] Width mismatch when connecting input pin '/iir2nd/iir_filter_2nd_order_0/alpha'(20) to pin '/iir2nd/axi_gpio_1/gpio_io_o'(32) - Only lower order bits will be connected, and other input bits of this pin will be left unconnected.
CRITICAL WARNING: [BD 41-2383] Width mismatch when connecting input pin '/iir2nd/iir_filter_2nd_order_0/c'(20) to pin '/iir2nd/axi_gpio_2/gpio_io_o'(32) - Only lower order bits will be connected, and other input bits of this pin will be left unconnected.
CRITICAL WARNING: [BD 41-2383] Width mismatch when connecting input pin '/iir2nd/iir_filter_2nd_order_0/gainP'(20) to pin '/iir2nd/axi_gpio_2/gpio2_io_o'(32) - Only lower order bits will be connected, and other input bits of this pin will be left unconnected.
CRITICAL WARNING: [BD 41-2383] Width mismatch when connecting input pin '/iir2nd/iir_filter_2nd_order_0/gainQ'(20) to pin '/iir2nd/axi_gpio_3/gpio_io_o'(32) - Only lower order bits will be connected, and other input bits of this pin will be left unconnected.
Verilog Output written to : c:/Users/magrini/Documents/programming/redpitaya/filter_v2/filter_template.gen/sources_1/bd/system/synth/system.v
CRITICAL WARNING: [BD 41-2383] Width mismatch when connecting input pin '/iir2nd/iir_filter_2nd_order_0/beta'(20) to pin '/iir2nd/axi_gpio_1/gpio2_io_o'(32) - Only lower order bits will be connected, and other input bits of this pin will be left unconnected.
CRITICAL WARNING: [BD 41-2383] Width mismatch when connecting input pin '/iir2nd/iir_filter_2nd_order_0/alpha'(20) to pin '/iir2nd/axi_gpio_1/gpio_io_o'(32) - Only lower order bits will be connected, and other input bits of this pin will be left unconnected.
CRITICAL WARNING: [BD 41-2383] Width mismatch when connecting input pin '/iir2nd/iir_filter_2nd_order_0/c'(20) to pin '/iir2nd/axi_gpio_2/gpio_io_o'(32) - Only lower order bits will be connected, and other input bits of this pin will be left unconnected.
CRITICAL WARNING: [BD 41-2383] Width mismatch when connecting input pin '/iir2nd/iir_filter_2nd_order_0/gainP'(20) to pin '/iir2nd/axi_gpio_2/gpio2_io_o'(32) - Only lower order bits will be connected, and other input bits of this pin will be left unconnected.
CRITICAL WARNING: [BD 41-2383] Width mismatch when connecting input pin '/iir2nd/iir_filter_2nd_order_0/gainQ'(20) to pin '/iir2nd/axi_gpio_3/gpio_io_o'(32) - Only lower order bits will be connected, and other input bits of this pin will be left unconnected.
Verilog Output written to : c:/Users/magrini/Documents/programming/redpitaya/filter_v2/filter_template.gen/sources_1/bd/system/sim/system.v
Verilog Output written to : c:/Users/magrini/Documents/programming/redpitaya/filter_v2/filter_template.gen/sources_1/bd/system/hdl/system_wrapper.v
Wrote  : <C:/Users/magrini/Documents/programming/redpitaya/filter_v2/filter_template.srcs/sources_1/bd/system/ui/bd_c954508f.ui> 
Wrote  : <C:/Users/magrini/Documents/programming/redpitaya/filter_v2/filter_template.srcs/sources_1/bd/system/ui/bd_5d147c05.ui> 
INFO: [BD 41-1029] Generation completed for the IP Integrator block iir2nd/iir_filter_2nd_order_0 .
INFO: [BD 41-1029] Generation completed for the IP Integrator block soc/axi_interconnect_0/s00_couplers/auto_pc .
INFO: [BD 41-1029] Generation completed for the IP Integrator block soc/axi_interconnect_0/m00_couplers/auto_pc .
INFO: [BD 41-1029] Generation completed for the IP Integrator block soc/axi_interconnect_0/m01_couplers/auto_pc .
INFO: [BD 41-1029] Generation completed for the IP Integrator block soc/axi_interconnect_0/m02_couplers/auto_pc .
INFO: [BD 41-1029] Generation completed for the IP Integrator block soc/axi_interconnect_0/m03_couplers/auto_pc .
Exporting to file c:/Users/magrini/Documents/programming/redpitaya/filter_v2/filter_template.gen/sources_1/bd/system/hw_handoff/system.hwh
Generated Hardware Definition File c:/Users/magrini/Documents/programming/redpitaya/filter_v2/filter_template.gen/sources_1/bd/system/synth/system.hwdef
[Tue Mar 18 16:35:55 2025] Launched synth_1...
Run output will be captured here: C:/Users/magrini/Documents/programming/redpitaya/filter_v2/filter_template.runs/synth_1/runme.log
[Tue Mar 18 16:35:55 2025] Launched impl_1...
Run output will be captured here: C:/Users/magrini/Documents/programming/redpitaya/filter_v2/filter_template.runs/impl_1/runme.log
launch_runs: Time (s): cpu = 00:00:09 ; elapsed = 00:00:16 . Memory (MB): peak = 2025.805 ; gain = 1.270
reset_run synth_1
launch_runs impl_1 -to_step write_bitstream -jobs 14
[Tue Mar 18 17:18:35 2025] Launched synth_1...
Run output will be captured here: C:/Users/magrini/Documents/programming/redpitaya/filter_v2/filter_template.runs/synth_1/runme.log
[Tue Mar 18 17:18:35 2025] Launched impl_1...
Run output will be captured here: C:/Users/magrini/Documents/programming/redpitaya/filter_v2/filter_template.runs/impl_1/runme.log
reset_run synth_1
launch_runs impl_1 -to_step write_bitstream -jobs 14
[Tue Mar 18 17:44:41 2025] Launched synth_1...
Run output will be captured here: C:/Users/magrini/Documents/programming/redpitaya/filter_v2/filter_template.runs/synth_1/runme.log
[Tue Mar 18 17:44:41 2025] Launched impl_1...
Run output will be captured here: C:/Users/magrini/Documents/programming/redpitaya/filter_v2/filter_template.runs/impl_1/runme.log
startgroup
set_property CONFIG.DATA_WIDTH {32} [get_bd_cells iir2nd/iir_filter_2nd_order_0]
endgroup
save_bd_design
Wrote  : <C:\Users\magrini\Documents\programming\redpitaya\filter_v2\filter_template.srcs\sources_1\bd\system\system.bd> 
Wrote  : <C:/Users/magrini/Documents/programming/redpitaya/filter_v2/filter_template.srcs/sources_1/bd/system/ui/bd_c954508f.ui> 
Wrote  : <C:/Users/magrini/Documents/programming/redpitaya/filter_v2/filter_template.srcs/sources_1/bd/system/ui/bd_5d147c05.ui> 
reset_run synth_1
launch_runs impl_1 -to_step write_bitstream -jobs 14
WARNING: [BD 41-2670] Found an incomplete address path from address space '/soc/ps_0/Data' to master interface '/soc/axi_interconnect_0/M05_AXI'. Please either complete or remove this path to resolve.
WARNING: [BD 41-2670] Found an incomplete address path from address space '/soc/ps_0/Data' to master interface '/soc/axi_interconnect_0/M06_AXI'. Please either complete or remove this path to resolve.
WARNING: [BD 41-2670] Found an incomplete address path from address space '/soc/ps_0/Data' to master interface '/soc/axi_interconnect_0/M04_AXI'. Please either complete or remove this path to resolve.
WARNING: [BD 41-2670] Found an incomplete address path from address space '/soc/ps_0/Data' to master interface '/soc/axi_interconnect_0/M07_AXI'. Please either complete or remove this path to resolve.
WARNING: [BD 5-699] No address segments matched 'get_bd_addr_segs -addressables -of_objects /soc/axi_interconnect_0/xbar/M04_AXI'
WARNING: [BD 5-699] No address segments matched 'get_bd_addr_segs -addressables -of_objects /soc/axi_interconnect_0/xbar/M05_AXI'
WARNING: [BD 5-699] No address segments matched 'get_bd_addr_segs -addressables -of_objects /soc/axi_interconnect_0/xbar/M06_AXI'
WARNING: [BD 5-699] No address segments matched 'get_bd_addr_segs -addressables -of_objects /soc/axi_interconnect_0/xbar/M07_AXI'
WARNING: [#UNDEF] When using EMIO pins for SPI_0 tie SSIN High in the PL bitstream
INFO: [xilinx.com:ip:clk_wiz:6.0-1] /pll_0 clk_wiz propagate
Wrote  : <C:\Users\magrini\Documents\programming\redpitaya\filter_v2\filter_template.srcs\sources_1\bd\system\system.bd> 
Wrote  : <C:/Users/magrini/Documents/programming/redpitaya/filter_v2/filter_template.srcs/sources_1/bd/system/ui/bd_c954508f.ui> 
Wrote  : <C:/Users/magrini/Documents/programming/redpitaya/filter_v2/filter_template.srcs/sources_1/bd/system/ui/bd_5d147c05.ui> 
CRITICAL WARNING: [BD 41-2383] Width mismatch when connecting input pin '/iir2nd/iir_filter_2nd_order_0/beta'(20) to pin '/iir2nd/axi_gpio_1/gpio2_io_o'(32) - Only lower order bits will be connected, and other input bits of this pin will be left unconnected.
CRITICAL WARNING: [BD 41-2383] Width mismatch when connecting input pin '/iir2nd/iir_filter_2nd_order_0/alpha'(20) to pin '/iir2nd/axi_gpio_1/gpio_io_o'(32) - Only lower order bits will be connected, and other input bits of this pin will be left unconnected.
CRITICAL WARNING: [BD 41-2383] Width mismatch when connecting input pin '/iir2nd/iir_filter_2nd_order_0/c'(20) to pin '/iir2nd/axi_gpio_2/gpio_io_o'(32) - Only lower order bits will be connected, and other input bits of this pin will be left unconnected.
CRITICAL WARNING: [BD 41-2383] Width mismatch when connecting input pin '/iir2nd/iir_filter_2nd_order_0/gainP'(20) to pin '/iir2nd/axi_gpio_2/gpio2_io_o'(32) - Only lower order bits will be connected, and other input bits of this pin will be left unconnected.
CRITICAL WARNING: [BD 41-2383] Width mismatch when connecting input pin '/iir2nd/iir_filter_2nd_order_0/gainQ'(20) to pin '/iir2nd/axi_gpio_3/gpio_io_o'(32) - Only lower order bits will be connected, and other input bits of this pin will be left unconnected.
Verilog Output written to : c:/Users/magrini/Documents/programming/redpitaya/filter_v2/filter_template.gen/sources_1/bd/system/synth/system.v
CRITICAL WARNING: [BD 41-2383] Width mismatch when connecting input pin '/iir2nd/iir_filter_2nd_order_0/beta'(20) to pin '/iir2nd/axi_gpio_1/gpio2_io_o'(32) - Only lower order bits will be connected, and other input bits of this pin will be left unconnected.
CRITICAL WARNING: [BD 41-2383] Width mismatch when connecting input pin '/iir2nd/iir_filter_2nd_order_0/alpha'(20) to pin '/iir2nd/axi_gpio_1/gpio_io_o'(32) - Only lower order bits will be connected, and other input bits of this pin will be left unconnected.
CRITICAL WARNING: [BD 41-2383] Width mismatch when connecting input pin '/iir2nd/iir_filter_2nd_order_0/c'(20) to pin '/iir2nd/axi_gpio_2/gpio_io_o'(32) - Only lower order bits will be connected, and other input bits of this pin will be left unconnected.
CRITICAL WARNING: [BD 41-2383] Width mismatch when connecting input pin '/iir2nd/iir_filter_2nd_order_0/gainP'(20) to pin '/iir2nd/axi_gpio_2/gpio2_io_o'(32) - Only lower order bits will be connected, and other input bits of this pin will be left unconnected.
CRITICAL WARNING: [BD 41-2383] Width mismatch when connecting input pin '/iir2nd/iir_filter_2nd_order_0/gainQ'(20) to pin '/iir2nd/axi_gpio_3/gpio_io_o'(32) - Only lower order bits will be connected, and other input bits of this pin will be left unconnected.
Verilog Output written to : c:/Users/magrini/Documents/programming/redpitaya/filter_v2/filter_template.gen/sources_1/bd/system/sim/system.v
Verilog Output written to : c:/Users/magrini/Documents/programming/redpitaya/filter_v2/filter_template.gen/sources_1/bd/system/hdl/system_wrapper.v
Wrote  : <C:/Users/magrini/Documents/programming/redpitaya/filter_v2/filter_template.srcs/sources_1/bd/system/ui/bd_c954508f.ui> 
Wrote  : <C:/Users/magrini/Documents/programming/redpitaya/filter_v2/filter_template.srcs/sources_1/bd/system/ui/bd_5d147c05.ui> 
INFO: [BD 41-1029] Generation completed for the IP Integrator block iir2nd/iir_filter_2nd_order_0 .
INFO: [BD 41-1029] Generation completed for the IP Integrator block soc/axi_interconnect_0/s00_couplers/auto_pc .
INFO: [BD 41-1029] Generation completed for the IP Integrator block soc/axi_interconnect_0/m00_couplers/auto_pc .
INFO: [BD 41-1029] Generation completed for the IP Integrator block soc/axi_interconnect_0/m01_couplers/auto_pc .
INFO: [BD 41-1029] Generation completed for the IP Integrator block soc/axi_interconnect_0/m02_couplers/auto_pc .
INFO: [BD 41-1029] Generation completed for the IP Integrator block soc/axi_interconnect_0/m03_couplers/auto_pc .
Exporting to file c:/Users/magrini/Documents/programming/redpitaya/filter_v2/filter_template.gen/sources_1/bd/system/hw_handoff/system.hwh
Generated Hardware Definition File c:/Users/magrini/Documents/programming/redpitaya/filter_v2/filter_template.gen/sources_1/bd/system/synth/system.hwdef
[Tue Mar 18 18:22:11 2025] Launched synth_1...
Run output will be captured here: C:/Users/magrini/Documents/programming/redpitaya/filter_v2/filter_template.runs/synth_1/runme.log
[Tue Mar 18 18:22:11 2025] Launched impl_1...
Run output will be captured here: C:/Users/magrini/Documents/programming/redpitaya/filter_v2/filter_template.runs/impl_1/runme.log
launch_runs: Time (s): cpu = 00:00:14 ; elapsed = 00:00:22 . Memory (MB): peak = 2057.973 ; gain = 1.652
exit
INFO: [Common 17-206] Exiting Vivado at Wed Mar 19 18:47:49 2025...
